// Jest Snapshot v1, https://goo.gl/fbAQLP

exports[`should render ExpenseListItem with an expense 1`] = `
<Link
  className="list-item"
  replace={false}
  to="edit/2"
>
  <div>
    <h3
      className="list-item__title"
    >
      beer
       
    </h3>
    <span
      className="list-item__sub-title"
    >
      25 December 1969
    </span>
  </div>
  <h3
    className="list-item__data"
  >
    $3.50
     
  </h3>
</Link>
`;
