// Jest Snapshot v1, https://goo.gl/fbAQLP

exports[`should render ExpenseList with empty message 1`] = `
<div
  className="content-container"
>
  <div
    className="list-header"
  >
    <div
      className="show-for-mobile"
    >
      Expenses
    </div>
    <div
      className="show-for-desktop"
    >
      Expense
    </div>
    <div
      className="show-for-desktop"
    >
      Amount
    </div>
  </div>
  <div
    className="list-body"
  >
    <div
      className="list-item list-item--message"
    >
      <span>
        No expenses
      </span>
    </div>
  </div>
</div>
`;

exports[`should render ExpenseList with expenses 1`] = `
<div
  className="content-container"
>
  <div
    className="list-header"
  >
    <div
      className="show-for-mobile"
    >
      Expenses
    </div>
    <div
      className="show-for-desktop"
    >
      Expense
    </div>
    <div
      className="show-for-desktop"
    >
      Amount
    </div>
  </div>
  <div
    className="list-body"
  >
    <ExpenseListItem
      amount={199}
      category="personal"
      createdAt={0}
      description="gum"
      id="1"
      key="1"
      note=""
    />
    <ExpenseListItem
      amount={350}
      category="business"
      createdAt={-604800000}
      description="beer"
      id="2"
      key="2"
      note="delicious beer"
    />
    <ExpenseListItem
      amount={695}
      category="family"
      createdAt={604800000}
      description="bratwurst"
      id="3"
      key="3"
      note="so tasty"
    />
  </div>
</div>
`;
