// Jest Snapshot v1, https://goo.gl/fbAQLP

exports[`should render LoginPage correctly 1`] = `
<div
  className="box-layout"
>
  <div
    className="box-layout__box"
  >
    <h1
      className="box-layout__title"
    >
      CashCount
    </h1>
    <p>
      Take control of your expenses.
    </p>
    <button
      className="button"
    >
      Login with Google Â 
      <img
        className="button__icon"
        src="images/google.png"
      />
    </button>
  </div>
</div>
`;
